Last active: Fri Sep  4 14:19:43 UTC 2026
Updated at: Fri Sep  4 14:33:51 UTC 2026
Updated at: Sat Sep  5 01:51:29 UTC 2026
Updated at: Sat Sep  5 14:09:25 UTC 2026
Updated at: Sun Sep  6 01:46:00 UTC 2026
Updated at: Sun Sep  6 14:33:49 UTC 2026
Updated at: Mon Sep  7 01:43:15 UTC 2026
Updated at: Mon Sep  7 16:48:06 UTC 2026
Updated at: Tue Sep  8 01:54:49 UTC 2026
Updated at: Tue Sep  8 15:35:35 UTC 2026
Updated at: Wed Sep  9 02:00:17 UTC 2026
Updated at: Wed Sep  9 15:29:50 UTC 2026
Updated at: Thu Sep 10 01:56:47 UTC 2026
Updated at: Thu Sep 10 15:25:06 UTC 2026
Updated at: Fri Sep 11 01:55:29 UTC 2026
Updated at: Fri Sep 11 15:27:21 UTC 2026
Updated at: Sat Sep 12 02:00:10 UTC 2026
Updated at: Sat Sep 12 14:34:45 UTC 2026
Updated at: Sun Sep 13 01:54:18 UTC 2026
Updated at: Sun Sep 13 15:14:28 UTC 2026
Updated at: Mon Sep 14 02:11:57 UTC 2026
Updated at: Mon Sep 14 17:11:34 UTC 2026
Updated at: Tue Sep 15 02:18:07 UTC 2026
Updated at: Tue Sep 15 15:51:47 UTC 2026
Updated at: Wed Sep 16 02:11:31 UTC 2026
Updated at: Wed Sep 16 15:43:13 UTC 2026
Updated at: Thu Sep 17 02:15:11 UTC 2026
Updated at: Thu Sep 17 15:49:40 UTC 2026
Updated at: Fri Sep 18 02:01:20 UTC 2026
Updated at: Fri Sep 18 15:22:55 UTC 2026
Updated at: Sat Sep 19 02:05:55 UTC 2026
Updated at: Sat Sep 19 14:59:03 UTC 2026
Updated at: Sun Sep 20 02:11:26 UTC 2026
Updated at: Sun Sep 20 15:02:40 UTC 2026
Updated at: Mon Sep 21 02:11:49 UTC 2026
Updated at: Mon Sep 21 17:20:53 UTC 2026
Updated at: Tue Sep 22 02:16:35 UTC 2026
Updated at: Tue Sep 22 15:53:52 UTC 2026
Updated at: Wed Sep 23 02:16:39 UTC 2026
Updated at: Wed Sep 23 15:43:23 UTC 2026
Updated at: Thu Sep 24 02:03:35 UTC 2026
Updated at: Thu Sep 24 16:04:38 UTC 2026
Updated at: Fri Sep 25 02:20:43 UTC 2026
Updated at: Fri Sep 25 16:05:08 UTC 2026
Updated at: Sat Sep 26 02:25:22 UTC 2026
Updated at: Sat Sep 26 15:18:45 UTC 2026
